[agileui.com/demo/bratilius-theme-package/index.html]
[backblue.gif]
[fade.gif]
[index.html]
[agileui.com/demo/bratilius-theme-package/assets/images/icons/apple-touch-icon-144-precomposed.png]
[agileui.com/demo/bratilius-theme-package/assets/images/icons/apple-touch-icon-114-precomposed.png]
[agileui.com/demo/bratilius-theme-package/assets/images/icons/apple-touch-icon-72-precomposed.png]
[agileui.com/demo/bratilius-theme-package/assets/images/icons/apple-touch-icon-57-precomposed.png]
[agileui.com/demo/bratilius-theme-package/assets/images/icons/favicon.png]
[agileui.com/demo/bratilius-theme-package/assets-minified/js-core.js]
[agileui.com/demo/bratilius-theme-package/assets-minified/all-demo.css]
[agileui.com/demo/assets/images/spinner/loader-dark.gif]
[agileui.com/demo/assets/dummy-images/gravatar.jpg]
[agileui.com/demo/bratilius-theme-package/carousels.html]
[agileui.com/demo/bratilius-theme-package/slideshows.html]
[agileui.com/demo/bratilius-theme-package/portfolio-2col.html]
[agileui.com/demo/bratilius-theme-package/portfolio-3col.html]
[agileui.com/demo/bratilius-theme-package/portfolio-4col.html]
[agileui.com/demo/bratilius-theme-package/portfolio-6col.html]
[agileui.com/demo/bratilius-theme-package/portfolio-fw1.html]
[agileui.com/demo/bratilius-theme-package/portfolio-fw2.html]
[agileui.com/demo/bratilius-theme-package/portfolio-masonry.html]
[agileui.com/demo/bratilius-theme-package/icon-boxes.html]
[agileui.com/demo/bratilius-theme-package/page-titles.html]
[agileui.com/demo/bratilius-theme-package/pricing-table.html]
[agileui.com/demo/bratilius-theme-package/testimonials.html]
[agileui.com/demo/bratilius-theme-package/footer-1.html]
[agileui.com/demo/bratilius-theme-package/footer-2.html]
[agileui.com/demo/bratilius-theme-package/footer-3.html]
[agileui.com/demo/bratilius-theme-package/footer-4.html]
[agileui.com/demo/bratilius-theme-package/header-1.html]
[agileui.com/demo/bratilius-theme-package/header-2.html]
[agileui.com/demo/bratilius-theme-package/header-3.html]
[agileui.com/demo/bratilius-theme-package/header-4.html]
[agileui.com/demo/bratilius-theme-package/header-5.html]
[agileui.com/demo/bratilius-theme-package/header-6.html]
[agileui.com/demo/bratilius-theme-package/featured-area-1.html]
[agileui.com/demo/bratilius-theme-package/featured-area-2.html]
[agileui.com/demo/bratilius-theme-package/featured-area-3.html]
[agileui.com/demo/bratilius-theme-package/featured-area-4.html]
[agileui.com/demo/bratilius-theme-package/featured-area-5.html]
[agileui.com/demo/bratilius-theme-package/featured-area-6.html]
[agileui.com/demo/bratilius-theme-package/featured-area-7.html]
[agileui.com/demo/bratilius-theme-package/featured-area-8.html]
[agileui.com/demo/bratilius-theme-package/featured-area-9.html]
[agileui.com/demo/bratilius-theme-package/featured-area-10.html]
[agileui.com/demo/bratilius-theme-package/featured-area-11.html]
[agileui.com/demo/bratilius-theme-package/featured-area-12.html]
[agileui.com/demo/bratilius-theme-package/featured-area-13.html]
[agileui.com/demo/bratilius-theme-package/featured-area-14.html]
[agileui.com/demo/bratilius-theme-package/featured-area-15.html]
[agileui.com/demo/bratilius-theme-package/featured-area-16.html]
[agileui.com/demo/bratilius-theme-package/mailbox-inbox.html]
[agileui.com/demo/bratilius-theme-package/mailbox-inbox-alt.html]
[agileui.com/demo/bratilius-theme-package/mailbox-compose.html]
[agileui.com/demo/bratilius-theme-package/mailbox-message.html]
[agileui.com/demo/bratilius-theme-package/chat.html]
[agileui.com/demo/bratilius-theme-package/todo.html]
[agileui.com/demo/bratilius-theme-package/dashboard-2.html]
[agileui.com/demo/bratilius-theme-package/dashboard-3.html]
[agileui.com/demo/bratilius-theme-package/helper-classes.html]
[agileui.com/demo/bratilius-theme-package/slidebars.html]
[agileui.com/demo/bratilius-theme-package/animations.html]
[agileui.com/demo/bratilius-theme-package/page-transitions.html]
[agileui.com/demo/bratilius-theme-package/snippets.html]
[agileui.com/demo/bratilius-theme-package/lockscreen-page-1.html]
[agileui.com/demo/bratilius-theme-package/lockscreen-page-2.html]
[agileui.com/demo/bratilius-theme-package/lockscreen-page-3.html]
[agileui.com/demo/bratilius-theme-package/login-page-1.html]
[agileui.com/demo/bratilius-theme-package/login-page-2.html]
[agileui.com/demo/bratilius-theme-package/login-page-3.html]
[agileui.com/demo/bratilius-theme-package/login-page-4.html]
[agileui.com/demo/bratilius-theme-package/login-page-5.html]
[agileui.com/demo/bratilius-theme-package/server-page-1.html]
[agileui.com/demo/bratilius-theme-package/server-page-2.html]
[agileui.com/demo/bratilius-theme-package/server-page-3.html]
[agileui.com/demo/bratilius-theme-package/server-page-4.html]
[agileui.com/demo/bratilius-theme-package/accordions.html]
[agileui.com/demo/bratilius-theme-package/bs-carousel.html]
[agileui.com/demo/bratilius-theme-package/bs-datepicker.html]
[agileui.com/demo/bratilius-theme-package/calendar.html]
[agileui.com/demo/bratilius-theme-package/collapsable.html]
[agileui.com/demo/bratilius-theme-package/colorpicker.html]
[agileui.com/demo/bratilius-theme-package/custom-scrollbars.html]
[agileui.com/demo/bratilius-theme-package/dialogs.html]
[agileui.com/demo/bratilius-theme-package/dynamic-tables.html]
[agileui.com/demo/bratilius-theme-package/jgrowl-notifications.html]
[agileui.com/demo/bratilius-theme-package/jqueryui-datepicker.html]
[agileui.com/demo/bratilius-theme-package/lazyload.html]
[agileui.com/demo/bratilius-theme-package/loading-bar.html]
[agileui.com/demo/bratilius-theme-package/modals.html]
[agileui.com/demo/bratilius-theme-package/noty-notifications.html]
[agileui.com/demo/bratilius-theme-package/overlays.html]
[agileui.com/demo/bratilius-theme-package/popovers.html]
[agileui.com/demo/bratilius-theme-package/progress-bars.html]
[agileui.com/demo/bratilius-theme-package/sliders.html]
[agileui.com/demo/bratilius-theme-package/sortable.html]
[agileui.com/demo/bratilius-theme-package/tabs.html]
[agileui.com/demo/bratilius-theme-package/timepicker.html]
[agileui.com/demo/bratilius-theme-package/tooltips.html]
[agileui.com/demo/bratilius-theme-package/badges.html]
[agileui.com/demo/bratilius-theme-package/buttons.html]
[agileui.com/demo/bratilius-theme-package/content-boxes.html]
[agileui.com/demo/bratilius-theme-package/dashboard-boxes.html]
[agileui.com/demo/bratilius-theme-package/icons.html]
[agileui.com/demo/bratilius-theme-package/images.html]
[agileui.com/demo/bratilius-theme-package/labels.html]
[agileui.com/demo/bratilius-theme-package/navigation-menus.html]
[agileui.com/demo/bratilius-theme-package/panel-boxes.html]
[agileui.com/demo/bratilius-theme-package/plain-tables.html]
[agileui.com/demo/bratilius-theme-package/response-messages.html]
[agileui.com/demo/bratilius-theme-package/ribbons.html]
[agileui.com/demo/bratilius-theme-package/scrollable-boxes.html]
[agileui.com/demo/bratilius-theme-package/social-boxes.html]
[agileui.com/demo/bratilius-theme-package/spinners.html]
[agileui.com/demo/bratilius-theme-package/tile-boxes.html]
[agileui.com/demo/bratilius-theme-package/timeline.html]
[agileui.com/demo/bratilius-theme-package/forms-validation.html]
[agileui.com/demo/bratilius-theme-package/dropzone-uploader.html]
[agileui.com/demo/bratilius-theme-package/forms-elements.html]
[agileui.com/demo/bratilius-theme-package/image-crop.html]
[agileui.com/demo/bratilius-theme-package/input-masks.html]
[agileui.com/demo/bratilius-theme-package/knobs.html]
[agileui.com/demo/bratilius-theme-package/multi-upload.html]
[agileui.com/demo/bratilius-theme-package/wizard.html]
[agileui.com/demo/bratilius-theme-package/wysiwyg-editor.html]
[agileui.com/demo/bratilius-theme-package/google-maps.html]
[agileui.com/demo/bratilius-theme-package/vector-maps.html]
[agileui.com/demo/bratilius-theme-package/justgage.html]
[agileui.com/demo/bratilius-theme-package/morris-charts.html]
[agileui.com/demo/bratilius-theme-package/pie-gages.html]
[agileui.com/demo/bratilius-theme-package/sparklines.html]
[agileui.com/demo/bratilius-theme-package/xcharts.html]
[agileui.com/demo/bratilius-theme-package/assets-minified/dummy-images/gravatar.jpg]
[agileui.com/demo/bratilius-theme-package/assets-minified/js-core/raphael.js]
[agileui.com/demo/bratilius-theme-package/assets-minified/widgets/charts/morris/morris.js]
[agileui.com/demo/assets/dummy-images/people/testimonial1.jpg]
[agileui.com/demo/assets/dummy-images/people/testimonial2.jpg]
[agileui.com/demo/assets/dummy-images/people/testimonial3.jpg]
[agileui.com/demo/assets/dummy-images/people/testimonial4.jpg]
[agileui.com/demo/assets/dummy-images/people/testimonial5.jpg]
[agileui.com/demo/assets/dummy-images/people/testimonial6.jpg]
[agileui.com/demo/assets/dummy-images/people/testimonial7.jpg]
[agileui.com/demo/assets/dummy-images/people/testimonial8.jpg]
[agileui.com/demo/bratilius-theme-package/index.html]
[agileui.com/demo/bratilius-theme-package/assets-minified/assets-minified/images/animated-overlay.gif]
[agileui.com/demo/bratilius-theme-package/assets-minified/all-demo.js]
[agileui.com/demo/bratilius-theme-package/dummy-images/iphone-screen.png]
[agileui.com/demo/bratilius-theme-package/assets-minified/dummy-images/big-bg.jpg]
[agileui.com/demo/bratilius-theme-package/assets-minified/dummy-images/bg31.jpg]
[agileui.com/demo/bratilius-theme-package/assets-minified/dummy-images/bg-airbnb.jpg]
[agileui.com/demo/bratilius-theme-package/assets-minified/dummy-images/bg6b.jpg]
[agileui.com/demo/bratilius-theme-package/assets-minified/dummy-images/bg.jpg]
[agileui.com/demo/bratilius-theme-package/assets-minified/dummy-images/poly/orange.jpg]
[agileui.com/demo/bratilius-theme-package/assets-minified/dummy-images/poly/gray.jpg]
[agileui.com/demo/bratilius-theme-package/assets-minified/dummy-images/poly/black.jpg]
[agileui.com/demo/bratilius-theme-package/assets-minified/dummy-images/poly/blue.jpg]
[agileui.com/demo/assets/dummy-images/iphone_hand.png]
[agileui.com/demo/bratilius-theme-package/assets-minified/all-demo.css]
[agileui.com/demo/bratilius-theme-package/assets-minified/themes/bratilius/default/framework-color.css]
[agileui.com/demo/bratilius-theme-package/assets-minified/themes/bratilius/border-radius.css]
[agileui.com/demo/bratilius-theme-package/assets-minified/themes/bratilius/frontend/color.css]
[agileui.com/demo/bratilius-theme-package/assets-minified/helpers/colors.css]
[agileui.com/demo/bratilius-theme-package/assets-minified/widgets/owlcarousel/owlcarousel.js]
[agileui.com/demo/bratilius-theme-package/assets-minified/widgets/owlcarousel/owlcarousel-demo.js]
[agileui.com/demo/bratilius-theme-package/assets-minified/dummy-images/350x300_1.jpg]
[agileui.com/demo/bratilius-theme-package/assets-minified/dummy-images/350x300_2.jpg]
[agileui.com/demo/bratilius-theme-package/assets-minified/dummy-images/350x300_3.jpg]
[agileui.com/demo/bratilius-theme-package/assets-minified/dummy-images/350x300_4.jpg]
[agileui.com/demo/bratilius-theme-package/assets-minified/dummy-images/350x300_5.jpg]
[agileui.com/demo/bratilius-theme-package/assets-minified/dummy-images/350x300_6.jpg]
[agileui.com/demo/bratilius-theme-package/assets-minified/dummy-images/350x300_7.jpg]
[agileui.com/demo/bratilius-theme-package/assets-minified/frontend-elements/frontend-elements-all.css]
[agileui.com/demo/bratilius-theme-package/assets-minified/frontend-elements/frontend-responsive.css]
[agileui.com/demo/bratilius-theme-package/assets-minified/widgets/skrollr/skrollr.js]
[agileui.com/demo/bratilius-theme-package/assets-minified/widgets/owlcarousel/owlcarousel.css]
[agileui.com/demo/bratilius-theme-package/assets-minified/widgets/sticky/sticky.js]
[agileui.com/demo/bratilius-theme-package/assets-minified/widgets/wow/wow.js]
[agileui.com/demo/bratilius-theme-package/assets-minified/themes/bratilius/frontend/js/frontend-init.js]
[agileui.com/demo/bratilius-theme-package/carousels.html]
[agileui.com/demo/bratilius-theme-package/assets-minified/widgets/videobg/videobg.js]
[agileui.com/demo/bratilius-theme-package/assets-minified/widgets/videobg/videobg-demo.js]
[agileui.com/demo/bratilius-theme-package/assets-minified/dummy-images/ipad_horizontal.png]
[agileui.com/demo/bratilius-theme-package/slideshows.html]
[agileui.com/demo/bratilius-theme-package/assets-minified/widgets/mixitup/mixitup.js]
[agileui.com/demo/bratilius-theme-package/assets-minified/widgets/mixitup/isotope.js]
[agileui.com/demo/bratilius-theme-package/assets-minified/widgets/mixitup/portfolio-demo.js]
[agileui.com/demo/bratilius-theme-package/portfolio-2col.html]
[agileui.com/demo/bratilius-theme-package/portfolio-3col.html]
[agileui.com/demo/bratilius-theme-package/portfolio-4col.html]
[agileui.com/demo/bratilius-theme-package/portfolio-6col.html]
[agileui.com/demo/bratilius-theme-package/portfolio-fw1.html]
[agileui.com/demo/bratilius-theme-package/portfolio-fw2.html]
[agileui.com/demo/bratilius-theme-package/portfolio-masonry.html]
[agileui.com/demo/bratilius-theme-package/icon-boxes.html]
[agileui.com/demo/bratilius-theme-package/page-titles.html]
[agileui.com/demo/bratilius-theme-package/pricing-table.html]
[agileui.com/demo/bratilius-theme-package/assets-minified/dummy-images/people/testimonial1.jpg]
[agileui.com/demo/bratilius-theme-package/assets-minified/dummy-images/people/testimonial2.jpg]
[agileui.com/demo/bratilius-theme-package/assets-minified/dummy-images/people/testimonial3.jpg]
[agileui.com/demo/bratilius-theme-package/assets-minified/dummy-images/people/testimonial4.jpg]
[agileui.com/demo/bratilius-theme-package/assets-minified/dummy-images/people/testimonial5.jpg]
[agileui.com/demo/bratilius-theme-package/assets-minified/dummy-images/people/testimonial6.jpg]
[agileui.com/demo/bratilius-theme-package/testimonials.html]
[agileui.com/demo/bratilius-theme-package/footer-1.html]
[agileui.com/demo/bratilius-theme-package/footer-2.html]
[agileui.com/demo/bratilius-theme-package/footer-3.html]
[agileui.com/demo/bratilius-theme-package/footer-4.html]
[agileui.com/demo/bratilius-theme-package/header-1.html]
[agileui.com/demo/bratilius-theme-package/header-2.html]
[agileui.com/demo/bratilius-theme-package/header-3.html]
[agileui.com/demo/bratilius-theme-package/header-4.html]
[agileui.com/demo/bratilius-theme-package/header-5.html]
[agileui.com/demo/bratilius-theme-package/header-6.html]
[agileui.com/demo/bratilius-theme-package/assets-minified/dummy-images/455293175_1280.jpg]
[agileui.com/demo/bratilius-theme-package/featured-area-1.html]
[agileui.com/demo/bratilius-theme-package/featured-area-2.html]
[agileui.com/demo/bratilius-theme-package/featured-area-3.html]
[agileui.com/demo/bratilius-theme-package/featured-area-4.html]
[agileui.com/demo/bratilius-theme-package/featured-area-5.html]
[agileui.com/demo/bratilius-theme-package/featured-area-6.html]
[agileui.com/demo/bratilius-theme-package/featured-area-7.html]
[agileui.com/demo/bratilius-theme-package/featured-area-8.html]
[agileui.com/demo/bratilius-theme-package/assets-minified/js-core/greensock.js]
[agileui.com/demo/bratilius-theme-package/assets-minified/widgets/layerslider/layerslider.js]
[agileui.com/demo/bratilius-theme-package/assets-minified/widgets/layerslider/layerslider-transitions.js]
[agileui.com/demo/bratilius-theme-package/assets-minified/widgets/layerslider/layerslider-demo.js]
[agileui.com/demo/bratilius-theme-package/assets-minified/dummy-images/fw-1.jpg]
[agileui.com/demo/bratilius-theme-package/assets-minified/dummy-images/s1.png]
[agileui.com/demo/bratilius-theme-package/assets-minified/dummy-images/s2.png]
[agileui.com/demo/bratilius-theme-package/assets-minified/dummy-images/s2.jpg]
[agileui.com/demo/bratilius-theme-package/assets-minified/dummy-images/s1.jpg]
[agileui.com/demo/bratilius-theme-package/assets-minified/dummy-images/left.png]
[agileui.com/demo/bratilius-theme-package/assets-minified/dummy-images/right.png]
[agileui.com/demo/bratilius-theme-package/assets-minified/dummy-images/l1.png]
[agileui.com/demo/bratilius-theme-package/assets-minified/dummy-images/l2.png]
[agileui.com/demo/bratilius-theme-package/assets-minified/dummy-images/l3.png]
[agileui.com/demo/bratilius-theme-package/assets-minified/dummy-images/d1.png]
[agileui.com/demo/bratilius-theme-package/assets-minified/dummy-images/d2.png]
[agileui.com/demo/bratilius-theme-package/featured-area-9.html]
[agileui.com/demo/bratilius-theme-package/assets-minified/dummy-images/jellyfish-blur.jpg]
[agileui.com/demo/bratilius-theme-package/assets-minified/dummy-images/clownfish.png]
[agileui.com/demo/bratilius-theme-package/assets-minified/dummy-images/slide-b-bg.jpg]
[agileui.com/demo/bratilius-theme-package/assets-minified/dummy-images/tucan.png]
[agileui.com/demo/bratilius-theme-package/featured-area-10.html]
[agileui.com/demo/bratilius-theme-package/assets-minified/dummy-images/bg21.jpg]
[agileui.com/demo/bratilius-theme-package/assets-minified/dummy-images/slide-d-5-5.png]
[agileui.com/demo/bratilius-theme-package/assets-minified/dummy-images/slide-d-5-6.png]
[agileui.com/demo/bratilius-theme-package/assets-minified/dummy-images/slide-d-5-4.png]
[agileui.com/demo/bratilius-theme-package/assets-minified/dummy-images/slide-d-5-3.png]
[agileui.com/demo/bratilius-theme-package/assets-minified/dummy-images/slide-d-5-1.png]
[agileui.com/demo/bratilius-theme-package/assets-minified/dummy-images/slide-d-5-2.png]
[agileui.com/demo/bratilius-theme-package/assets-minified/dummy-images/bg4.jpg]
[agileui.com/demo/bratilius-theme-package/assets-minified/dummy-images/slide-a-1.png]
[agileui.com/demo/bratilius-theme-package/assets-minified/dummy-images/slide-a-2.png]
[agileui.com/demo/bratilius-theme-package/assets-minified/dummy-images/slide-a-3.png]
[agileui.com/demo/bratilius-theme-package/assets-minified/dummy-images/slide-a-4.png]
[agileui.com/demo/bratilius-theme-package/assets-minified/dummy-images/slide-a-6.png]
[agileui.com/demo/bratilius-theme-package/assets-minified/dummy-images/slide-a-5.png]
[agileui.com/demo/bratilius-theme-package/assets-minified/dummy-images/feature-responsive.png]
[agileui.com/demo/bratilius-theme-package/assets-minified/dummy-images/feature-layers.png]
[agileui.com/demo/bratilius-theme-package/assets-minified/dummy-images/feature-mobile.png]
[agileui.com/demo/bratilius-theme-package/assets-minified/dummy-images/feature-options.png]
[agileui.com/demo/bratilius-theme-package/assets-minified/dummy-images/feature-performance.png]
[agileui.com/demo/bratilius-theme-package/assets-minified/dummy-images/feature-slideshow.png]
[agileui.com/demo/bratilius-theme-package/assets-minified/dummy-images/feature-youtube.png]
[agileui.com/demo/bratilius-theme-package/assets-minified/dummy-images/feature-vimeo.png]
[agileui.com/demo/bratilius-theme-package/assets-minified/dummy-images/feature-html5.png]
[agileui.com/demo/bratilius-theme-package/assets-minified/dummy-images/feature-ios.png]
[agileui.com/demo/bratilius-theme-package/assets-minified/dummy-images/feature-android.png]
[agileui.com/demo/bratilius-theme-package/assets-minified/dummy-images/feature-wordpress.png]
[agileui.com/demo/bratilius-theme-package/assets-minified/dummy-images/slide-b-1.png]
[agileui.com/demo/bratilius-theme-package/assets-minified/dummy-images/slide-b-2.png]
[agileui.com/demo/bratilius-theme-package/assets-minified/dummy-images/slide-b-3.png]
[agileui.com/demo/bratilius-theme-package/assets-minified/dummy-images/slide-b-4.png]
[agileui.com/demo/bratilius-theme-package/assets-minified/dummy-images/slide-b-5.png]
[agileui.com/demo/bratilius-theme-package/assets-minified/dummy-images/mouse.png]
[agileui.com/demo/bratilius-theme-package/assets-minified/dummy-images/bg51.jpg]
[agileui.com/demo/bratilius-theme-package/assets-minified/dummy-images/youtube-color.png]
[agileui.com/demo/bratilius-theme-package/assets-minified/dummy-images/vimeo-color.png]
[agileui.com/demo/bratilius-theme-package/assets-minified/dummy-images/html5-color.png]
[agileui.com/demo/bratilius-theme-package/assets-minified/dummy-images/circle.png]
[agileui.com/demo/bratilius-theme-package/assets-minified/dummy-images/ls5box.png]
[agileui.com/demo/bratilius-theme-package/featured-area-11.html]
[agileui.com/demo/bratilius-theme-package/featured-area-12.html]
[agileui.com/demo/bratilius-theme-package/featured-area-13.html]
[agileui.com/demo/bratilius-theme-package/featured-area-14.html]
[agileui.com/demo/bratilius-theme-package/featured-area-15.html]
[agileui.com/demo/bratilius-theme-package/featured-area-16.html]
[agileui.com/demo/bratilius-theme-package/mailbox-inbox.html]
[agileui.com/demo/bratilius-theme-package/mailbox-inbox-alt.html]
[agileui.com/demo/bratilius-theme-package/mailbox-compose.html]
[agileui.com/demo/bratilius-theme-package/mailbox-message.html]
[agileui.com/demo/bratilius-theme-package/chat.html]
[agileui.com/demo/bratilius-theme-package/assets-minified/widgets/interactions-ui/resizable.js]
[agileui.com/demo/bratilius-theme-package/assets-minified/widgets/interactions-ui/draggable.js]
[agileui.com/demo/bratilius-theme-package/assets-minified/widgets/interactions-ui/sortable.js]
[agileui.com/demo/bratilius-theme-package/todo.html]
[agileui.com/demo/bratilius-theme-package/dashboard-2.html]
[agileui.com/demo/bratilius-theme-package/assets-minified/widgets/interactions-ui/selectable.js]
[agileui.com/demo/bratilius-theme-package/assets-minified/js-core/d3.js]
[agileui.com/demo/bratilius-theme-package/dashboard-3.html]
[agileui.com/demo/bratilius-theme-package/helper-classes.html]
[agileui.com/demo/bratilius-theme-package/slidebars.html]
[agileui.com/demo/bratilius-theme-package/animations.html]
[agileui.com/demo/bratilius-theme-package/page-transitions.html]
[agileui.com/demo/bratilius-theme-package/snippets.html]
[agileui.com/demo/bratilius-theme-package/lockscreen-page-1.html]
[agileui.com/demo/bratilius-theme-package/lockscreen-page-2.html]
[agileui.com/demo/bratilius-theme-package/lockscreen-page-3.html]
[agileui.com/demo/bratilius-theme-package/login-page-1.html]
[agileui.com/demo/bratilius-theme-package/login-page-2.html]
[agileui.com/demo/bratilius-theme-package/login-page-3.html]
[agileui.com/demo/bratilius-theme-package/login-page-4.html]
[agileui.com/demo/bratilius-theme-package/login-page-5.html]
[agileui.com/demo/bratilius-theme-package/server-page-1.html]
[agileui.com/demo/bratilius-theme-package/server-page-2.html]
[agileui.com/demo/bratilius-theme-package/server-page-3.html]
[agileui.com/demo/bratilius-theme-package/server-page-4.html]
[agileui.com/demo/bratilius-theme-package/assets-minified/widgets/charts/xcharts/xcharts.js]
[agileui.com/demo/bratilius-theme-package/accordions.html]
[agileui.com/demo/bratilius-theme-package/assets-minified/widgets/accordion-ui/accordion.js]
[agileui.com/demo/bratilius-theme-package/bs-carousel.html]
[agileui.com/demo/bratilius-theme-package/assets-minified/widgets/carousel/carousel.js]
[agileui.com/demo/bratilius-theme-package/assets-minified/widgets/datepicker/datepicker.js]
[agileui.com/demo/bratilius-theme-package/assets-minified/widgets/daterangepicker/moment.js]
[agileui.com/demo/bratilius-theme-package/assets-minified/widgets/daterangepicker/daterangepicker.js]
[agileui.com/demo/bratilius-theme-package/bs-datepicker.html]
[agileui.com/demo/bratilius-theme-package/assets-minified/widgets/daterangepicker/daterangepicker-demo.js]
[agileui.com/demo/bratilius-theme-package/assets-minified/widgets/calendar/calendar.js]
[agileui.com/demo/bratilius-theme-package/calendar.html]
[agileui.com/demo/bratilius-theme-package/collapsable.html]
[agileui.com/demo/bratilius-theme-package/assets-minified/widgets/calendar/calendar-demo.js]
[agileui.com/demo/bratilius-theme-package/assets-minified/widgets/colorpicker/colorpicker.js]
[agileui.com/demo/bratilius-theme-package/colorpicker.html]
[agileui.com/demo/bratilius-theme-package/custom-scrollbars.html]
[agileui.com/demo/bratilius-theme-package/assets-minified/widgets/colorpicker/colorpicker-demo.js]
[agileui.com/demo/bratilius-theme-package/assets-minified/widgets/dialog/dialog.js]
[agileui.com/demo/bratilius-theme-package/dialogs.html]
[agileui.com/demo/bratilius-theme-package/assets-minified/widgets/dialog/dialog-demo.js]
[agileui.com/demo/bratilius-theme-package/dynamic-tables.html]
[agileui.com/demo/bratilius-theme-package/assets-minified/widgets/datatable/datatable-bootstrap.js]
[agileui.com/demo/bratilius-theme-package/assets-minified/widgets/jgrowl-notifications/jgrowl.js]
[agileui.com/demo/bratilius-theme-package/jgrowl-notifications.html]
[agileui.com/demo/bratilius-theme-package/assets-minified/widgets/jgrowl-notifications/jgrowl-demo.js]
[agileui.com/demo/bratilius-theme-package/assets-minified/widgets/datatable/datatable.js]
[agileui.com/demo/bratilius-theme-package/assets-minified/widgets/datepicker-ui/datepicker.js]
[agileui.com/demo/bratilius-theme-package/jqueryui-datepicker.html]
[agileui.com/demo/bratilius-theme-package/assets-minified/widgets/datepicker-ui/datepicker-demo.js]
[agileui.com/demo/bratilius-theme-package/lazyload.html]
[agileui.com/demo/bratilius-theme-package/assets-minified/widgets/lazyload/lazyload.js]
[agileui.com/demo/bratilius-theme-package/assets-minified/widgets/loading-bar/loadingbar.js]
[agileui.com/demo/bratilius-theme-package/loading-bar.html]
[agileui.com/demo/bratilius-theme-package/assets-minified/widgets/loading-bar/loadingbar-demo.js]
[agileui.com/demo/bratilius-theme-package/modals.html]
[agileui.com/demo/bratilius-theme-package/assets-minified/widgets/modal/modal.js]
[agileui.com/demo/bratilius-theme-package/assets-minified/widgets/noty-notifications/noty.js]
[agileui.com/demo/bratilius-theme-package/noty-notifications.html]
[agileui.com/demo/bratilius-theme-package/overlays.html]
[agileui.com/demo/bratilius-theme-package/popovers.html]
[agileui.com/demo/bratilius-theme-package/assets-minified/widgets/noty-notifications/noty-demo.js]
[agileui.com/demo/bratilius-theme-package/progress-bars.html]
[agileui.com/demo/bratilius-theme-package/assets-minified/widgets/progressbar-ui/progressbar.js]
[agileui.com/demo/bratilius-theme-package/assets-minified/widgets/slider-ui/slider.js]
[agileui.com/demo/bratilius-theme-package/assets-minified/widgets/slider-ui/slider-demo.js]
[agileui.com/demo/bratilius-theme-package/assets-minified/widgets/range-slider/rangeslider-core.js]
[agileui.com/demo/bratilius-theme-package/sliders.html]
[agileui.com/demo/bratilius-theme-package/assets-minified/widgets/range-slider/rangeslider-demo.js]
[agileui.com/demo/bratilius-theme-package/assets-minified/widgets/nestable/nestable.js]
[agileui.com/demo/bratilius-theme-package/sortable.html]
[agileui.com/demo/bratilius-theme-package/tabs.html]
[agileui.com/demo/bratilius-theme-package/assets-minified/widgets/tabs-ui/tabs.js]
[agileui.com/demo/bratilius-theme-package/timepicker.html]
[agileui.com/demo/bratilius-theme-package/tooltips.html]
[agileui.com/demo/bratilius-theme-package/badges.html]
[agileui.com/demo/bratilius-theme-package/buttons.html]
[agileui.com/demo/bratilius-theme-package/content-boxes.html]
[agileui.com/demo/bratilius-theme-package/dashboard-boxes.html]
[agileui.com/demo/bratilius-theme-package/assets-minified/widgets/timepicker/timepicker.js]
[agileui.com/demo/bratilius-theme-package/assets-minified/icons/iconic/iconic.css]
[agileui.com/demo/bratilius-theme-package/assets-minified/icons/elusive/elusive.css]
[agileui.com/demo/bratilius-theme-package/assets-minified/icons/meteocons/meteocons.css]
[agileui.com/demo/bratilius-theme-package/assets-minified/icons/spinnericon/spinnericon.css]
[agileui.com/demo/bratilius-theme-package/icons.html]
[agileui.com/demo/bratilius-theme-package/images.html]
[agileui.com/demo/bratilius-theme-package/labels.html]
[agileui.com/demo/bratilius-theme-package/navigation-menus.html]
[agileui.com/demo/bratilius-theme-package/panel-boxes.html]
[agileui.com/demo/bratilius-theme-package/plain-tables.html]
[agileui.com/demo/bratilius-theme-package/response-messages.html]
[agileui.com/demo/bratilius-theme-package/ribbons.html]
[agileui.com/demo/bratilius-theme-package/scrollable-boxes.html]
[agileui.com/demo/bratilius-theme-package/social-boxes.html]
[agileui.com/demo/bratilius-theme-package/assets-minified/icons/typicons/typicons.css]
[agileui.com/demo/bratilius-theme-package/assets-minified/images/spinner/loader-light.gif]
[agileui.com/demo/bratilius-theme-package/assets-minified/images/spinner/loader-dark.gif]
[agileui.com/demo/bratilius-theme-package/spinners.html]
[agileui.com/demo/bratilius-theme-package/tile-boxes.html]
[agileui.com/demo/bratilius-theme-package/timeline.html]
[agileui.com/demo/bratilius-theme-package/forms-validation.html]
[agileui.com/demo/bratilius-theme-package/assets-minified/widgets/parsley/parsley.js]
[agileui.com/demo/bratilius-theme-package/dropzone-uploader.html]
[agileui.com/demo/bratilius-theme-package/assets-minified/widgets/dropzone/dropzone.js]
[agileui.com/demo/bratilius-theme-package/assets-minified/widgets/spinner/spinner.js]
[agileui.com/demo/bratilius-theme-package/assets-minified/widgets/input-switch/inputswitch.js]
[agileui.com/demo/bratilius-theme-package/assets-minified/widgets/textarea/textarea.js]
[agileui.com/demo/bratilius-theme-package/forms-elements.html]
[agileui.com/demo/bratilius-theme-package/assets-minified/widgets/multi-select/multiselect.js]
[agileui.com/demo/bratilius-theme-package/assets-minified/widgets/jcrop/jcrop.js]
[agileui.com/demo/bratilius-theme-package/assets-minified/widgets/jcrop/jcrop-demo.js]
[agileui.com/demo/bratilius-theme-package/assets-minified/dummy-images/image1.jpg]
[agileui.com/demo/bratilius-theme-package/image-crop.html]
[agileui.com/demo/bratilius-theme-package/input-masks.html]
[agileui.com/demo/bratilius-theme-package/assets-minified/widgets/input-mask/inputmask.js]
[agileui.com/demo/bratilius-theme-package/knobs.html]
[blueimp.github.io/JavaScript-Templates/js/tmpl.min.js]
[blueimp.github.io/JavaScript-Load-Image/js/load-image.min.12f.delayed]
[agileui.com/demo/bratilius-theme-package/assets-minified/widgets/knobs/knob.js]
[blueimp.github.io/JavaScript-Canvas-to-Blob/js/canvas-to-blob.min.js]
[blueimp.github.io/Gallery/js/jquery.blueimp-gallery.min.js]
[agileui.com/demo/bratilius-theme-package/assets-minified/widgets/js-core/raphael.js]
[agileui.com/demo/bratilius-theme-package/assets-minified/widgets/multi-upload/jquery.iframe-transport.js]
[agileui.com/demo/bratilius-theme-package/assets-minified/widgets/multi-upload/jquery.fileupload.js]
[agileui.com/demo/bratilius-theme-package/assets-minified/widgets/multi-upload/jquery.fileupload-process.js]
[agileui.com/demo/bratilius-theme-package/assets-minified/widgets/multi-upload/jquery.fileupload-image.js]
[agileui.com/demo/bratilius-theme-package/assets-minified/widgets/multi-upload/jquery.fileupload-audio.js]
[agileui.com/demo/bratilius-theme-package/assets-minified/widgets/multi-upload/jquery.fileupload-video.js]
[agileui.com/demo/bratilius-theme-package/assets-minified/widgets/multi-upload/jquery.fileupload-validate.js]
[agileui.com/demo/bratilius-theme-package/assets-minified/widgets/multi-upload/jquery.fileupload-ui.js]
[agileui.com/demo/bratilius-theme-package/multi-upload.html]
[agileui.com/demo/bratilius-theme-package/assets-minified/widgets/multi-upload/main.js]
[agileui.com/demo/bratilius-theme-package/assets-minified/widgets/wizard/wizard.js]
[agileui.com/demo/bratilius-theme-package/wizard.html]
[agileui.com/demo/bratilius-theme-package/assets-minified/widgets/wizard/wizard-demo.js]
[agileui.com/demo/bratilius-theme-package/wysiwyg-editor.html]
[agileui.com/demo/bratilius-theme-package/assets-minified/widgets/summernote-wysiwyg/summernote-wysiwyg.js]
[agileui.com/demo/bratilius-theme-package/assets-minified/widgets/maps/gmaps/gmaps.js]
[agileui.com/demo/bratilius-theme-package/google-maps.html]
[agileui.com/demo/bratilius-theme-package/assets-minified/widgets/maps/gmaps/gmaps-demo.js]
[agileui.com/demo/bratilius-theme-package/assets-minified/widgets/maps/vector-maps/vectormaps.js]
[agileui.com/demo/bratilius-theme-package/assets-minified/widgets/maps/vector-maps/world_map.js]
[agileui.com/demo/bratilius-theme-package/assets-minified/widgets/maps/vector-maps/de_merc_en.js]
[agileui.com/demo/bratilius-theme-package/assets-minified/widgets/maps/vector-maps/mall_map.js]
[agileui.com/demo/bratilius-theme-package/vector-maps.html]
[agileui.com/demo/bratilius-theme-package/assets-minified/widgets/maps/vector-maps/vectormaps-demo.js]
[agileui.com/demo/bratilius-theme-package/assets-minified/widgets/charts/justgage/justgage.js]
[agileui.com/demo/bratilius-theme-package/justgage.html]
[agileui.com/demo/bratilius-theme-package/assets-minified/widgets/charts/justgage/justgage-demo.js]
[agileui.com/demo/bratilius-theme-package/morris-charts.html]
[agileui.com/demo/bratilius-theme-package/assets-minified/widgets/charts/morris/morris-demo.js]
[agileui.com/demo/bratilius-theme-package/assets-minified/widgets/charts/piegage/piegage.js]
[agileui.com/demo/bratilius-theme-package/pie-gages.html]
[agileui.com/demo/bratilius-theme-package/sparklines.html]
[agileui.com/demo/bratilius-theme-package/assets-minified/widgets/charts/piegage/piegage-demo.js]
[agileui.com/demo/bratilius-theme-package/assets-minified/widgets/charts/xcharts/xcharts-demo.js]
[agileui.com/demo/bratilius-theme-package/xcharts.html]
[agileui.com/demo/bratilius-theme-package/assets-minified/assets-minified/images/animated-overlay.html]
[agileui.com/demo/bratilius-theme-package/dummy-images/iphone-screen.html]
[agileui.com/demo/bratilius-theme-package/assets-minified/themes/bratilius/default/framework-color.css]
[agileui.com/demo/bratilius-theme-package/assets-minified/themes/bratilius/border-radius.css]
[agileui.com/demo/bratilius-theme-package/assets-minified/themes/bratilius/frontend/color.css]
[agileui.com/demo/bratilius-theme-package/assets-minified/helpers/colors.css]
[agileui.com/demo/bratilius-theme-package/assets-minified/widgets/charts/xcharts/xcharts-demo-2.js]
[agileui.com/demo/bratilius-theme-package/assets-minified/dummy-images/iphone-screen.png]
[agileui.com/demo/bratilius-theme-package/assets-minified/frontend-elements/frontend-elements-all.css]
[agileui.com/demo/bratilius-theme-package/assets-minified/frontend-elements/frontend-responsive.css]
[agileui.com/demo/bratilius-theme-package/assets-minified/images/grabbing.png]
[agileui.com/demo/bratilius-theme-package/assets-minified/widgets/owlcarousel/owlcarousel.css]
[agileui.com/demo/bratilius-theme-package/assets-minified/widgets/nestable/nestable-demo.js]
[agileui.com/demo/bratilius-theme-package/assets-minified/icons/iconic/iconic56de.eot]
[agileui.com/demo/bratilius-theme-package/assets-minified/icons/iconic/iconic56de.woff]
[agileui.com/demo/bratilius-theme-package/assets-minified/icons/iconic/iconic56de.ttf]
[agileui.com/demo/bratilius-theme-package/assets-minified/icons/iconic/iconic.css]
[agileui.com/demo/bratilius-theme-package/assets-minified/icons/iconic/iconic56de.svg]
[agileui.com/demo/bratilius-theme-package/assets-minified/icons/elusive/elusivedcfb.eot]
[agileui.com/demo/bratilius-theme-package/assets-minified/icons/elusive/elusivedcfb.woff]
[agileui.com/demo/bratilius-theme-package/assets-minified/icons/elusive/elusivedcfb.ttf]
[agileui.com/demo/bratilius-theme-package/assets-minified/icons/elusive/elusive.css]
[agileui.com/demo/bratilius-theme-package/assets-minified/icons/elusive/elusivedcfb.svg]
[agileui.com/demo/bratilius-theme-package/assets-minified/icons/meteocons/meteocons63ae.eot]
[agileui.com/demo/bratilius-theme-package/assets-minified/icons/meteocons/meteocons63ae.woff]
[agileui.com/demo/bratilius-theme-package/assets-minified/icons/meteocons/meteocons63ae.ttf]
[agileui.com/demo/bratilius-theme-package/assets-minified/icons/meteocons/meteocons.css]
[agileui.com/demo/bratilius-theme-package/assets-minified/icons/meteocons/meteocons63ae.svg]
[agileui.com/demo/bratilius-theme-package/assets-minified/icons/spinnericon/spinnericonb7a7.eot]
[agileui.com/demo/bratilius-theme-package/assets-minified/icons/spinnericon/spinnericonb7a7.woff]
[agileui.com/demo/bratilius-theme-package/assets-minified/icons/spinnericon/spinnericonb7a7.ttf]
[agileui.com/demo/bratilius-theme-package/assets-minified/icons/spinnericon/spinnericon.css]
[agileui.com/demo/bratilius-theme-package/assets-minified/icons/spinnericon/spinnericonb7a7.svg]
[agileui.com/demo/bratilius-theme-package/assets-minified/icons/typicons/typiconsfb26.woff]
[agileui.com/demo/bratilius-theme-package/assets-minified/icons/typicons/typiconsfb26.eot]
[agileui.com/demo/bratilius-theme-package/assets-minified/icons/typicons/typiconsfb26.ttf]
[agileui.com/demo/bratilius-theme-package/assets-minified/icons/typicons/typicons.css]
[blueimp.github.io/JavaScript-Load-Image/js/load-image.min.html]
[agileui.com/demo/bratilius-theme-package/assets-minified/widgets/js-core/raphael.html]
[agileui.com/demo/bratilius-theme-package/assets-minified/icons/iconic/iconic56de.svg]
[agileui.com/demo/bratilius-theme-package/assets-minified/icons/elusive/elusivedcfb.svg]
[agileui.com/demo/bratilius-theme-package/assets-minified/icons/meteocons/meteocons63ae.svg]
[agileui.com/demo/bratilius-theme-package/assets-minified/icons/spinnericon/spinnericonb7a7.svg]
[agileui.com/demo/bratilius-theme-package/assets-minified/icons/typicons/typiconsfb26.svg]
[agileui.com/demo/bratilius-theme-package/assets-minified/icons/typicons/typiconsfb26.svg]
